<?xml version="1.0" encoding="ISO-8859-1" ?>
<link_info>
   <banner>TMS320C2000 Linker PC v22.6.1.LTS</banner>
   <copyright>Copyright (c) 1996-2018 Texas Instruments Incorporated</copyright>
   <link_time>0x6629086a</link_time>
   <link_errors>0x0</link_errors>
   <output_file>uart_communication.out</output_file>
   <entry_point>
      <name>_c_int00</name>
      <address>0xa85c</address>
   </entry_point>
   <input_file_list>
      <input_file id="fl-2">
         <path>.\</path>
         <kind>object</kind>
         <file>main.obj</file>
         <name>main.obj</name>
      </input_file>
      <input_file id="fl-3">
         <path>.\common\source\</path>
         <kind>object</kind>
         <file>device.obj</file>
         <name>device.obj</name>
      </input_file>
      <input_file id="fl-4">
         <path>.\common\source\</path>
         <kind>object</kind>
         <file>f28002x_adc.obj</file>
         <name>f28002x_adc.obj</name>
      </input_file>
      <input_file id="fl-5">
         <path>.\common\source\</path>
         <kind>object</kind>
         <file>f28002x_codestartbranch.obj</file>
         <name>f28002x_codestartbranch.obj</name>
      </input_file>
      <input_file id="fl-6">
         <path>.\common\source\</path>
         <kind>object</kind>
         <file>f28002x_cputimers.obj</file>
         <name>f28002x_cputimers.obj</name>
      </input_file>
      <input_file id="fl-7">
         <path>.\common\source\</path>
         <kind>object</kind>
         <file>f28002x_dbgier.obj</file>
         <name>f28002x_dbgier.obj</name>
      </input_file>
      <input_file id="fl-8">
         <path>.\common\source\</path>
         <kind>object</kind>
         <file>f28002x_dcsm_z1otp.obj</file>
         <name>f28002x_dcsm_z1otp.obj</name>
      </input_file>
      <input_file id="fl-9">
         <path>.\common\source\</path>
         <kind>object</kind>
         <file>f28002x_dcsm_z2otp.obj</file>
         <name>f28002x_dcsm_z2otp.obj</name>
      </input_file>
      <input_file id="fl-a">
         <path>.\common\source\</path>
         <kind>object</kind>
         <file>f28002x_defaultisr.obj</file>
         <name>f28002x_defaultisr.obj</name>
      </input_file>
      <input_file id="fl-b">
         <path>.\common\source\</path>
         <kind>object</kind>
         <file>f28002x_dma.obj</file>
         <name>f28002x_dma.obj</name>
      </input_file>
      <input_file id="fl-c">
         <path>.\common\source\</path>
         <kind>object</kind>
         <file>f28002x_epwm.obj</file>
         <name>f28002x_epwm.obj</name>
      </input_file>
      <input_file id="fl-d">
         <path>.\common\source\</path>
         <kind>object</kind>
         <file>f28002x_gpio.obj</file>
         <name>f28002x_gpio.obj</name>
      </input_file>
      <input_file id="fl-e">
         <path>.\common\source\</path>
         <kind>object</kind>
         <file>f28002x_piectrl.obj</file>
         <name>f28002x_piectrl.obj</name>
      </input_file>
      <input_file id="fl-f">
         <path>.\common\source\</path>
         <kind>object</kind>
         <file>f28002x_pievect.obj</file>
         <name>f28002x_pievect.obj</name>
      </input_file>
      <input_file id="fl-10">
         <path>.\common\source\</path>
         <kind>object</kind>
         <file>f28002x_spi.obj</file>
         <name>f28002x_spi.obj</name>
      </input_file>
      <input_file id="fl-11">
         <path>.\common\source\</path>
         <kind>object</kind>
         <file>f28002x_sysctrl.obj</file>
         <name>f28002x_sysctrl.obj</name>
      </input_file>
      <input_file id="fl-12">
         <path>.\common\source\</path>
         <kind>object</kind>
         <file>f28002x_tempsensorconv.obj</file>
         <name>f28002x_tempsensorconv.obj</name>
      </input_file>
      <input_file id="fl-13">
         <path>.\common\source\</path>
         <kind>object</kind>
         <file>f28002x_usdelay.obj</file>
         <name>f28002x_usdelay.obj</name>
      </input_file>
      <input_file id="fl-14">
         <path>.\driverlib\</path>
         <kind>object</kind>
         <file>adc.obj</file>
         <name>adc.obj</name>
      </input_file>
      <input_file id="fl-15">
         <path>.\driverlib\</path>
         <kind>object</kind>
         <file>asysctl.obj</file>
         <name>asysctl.obj</name>
      </input_file>
      <input_file id="fl-16">
         <path>.\driverlib\</path>
         <kind>object</kind>
         <file>bgcrc.obj</file>
         <name>bgcrc.obj</name>
      </input_file>
      <input_file id="fl-17">
         <path>.\driverlib\</path>
         <kind>object</kind>
         <file>can.obj</file>
         <name>can.obj</name>
      </input_file>
      <input_file id="fl-18">
         <path>.\driverlib\</path>
         <kind>object</kind>
         <file>clb.obj</file>
         <name>clb.obj</name>
      </input_file>
      <input_file id="fl-19">
         <path>.\driverlib\</path>
         <kind>object</kind>
         <file>cmpss.obj</file>
         <name>cmpss.obj</name>
      </input_file>
      <input_file id="fl-1a">
         <path>.\driverlib\</path>
         <kind>object</kind>
         <file>cputimer.obj</file>
         <name>cputimer.obj</name>
      </input_file>
      <input_file id="fl-1b">
         <path>.\driverlib\</path>
         <kind>object</kind>
         <file>dcc.obj</file>
         <name>dcc.obj</name>
      </input_file>
      <input_file id="fl-1c">
         <path>.\driverlib\</path>
         <kind>object</kind>
         <file>dcsm.obj</file>
         <name>dcsm.obj</name>
      </input_file>
      <input_file id="fl-1d">
         <path>.\driverlib\</path>
         <kind>object</kind>
         <file>dma.obj</file>
         <name>dma.obj</name>
      </input_file>
      <input_file id="fl-1e">
         <path>.\driverlib\</path>
         <kind>object</kind>
         <file>ecap.obj</file>
         <name>ecap.obj</name>
      </input_file>
      <input_file id="fl-1f">
         <path>.\driverlib\</path>
         <kind>object</kind>
         <file>epwm.obj</file>
         <name>epwm.obj</name>
      </input_file>
      <input_file id="fl-20">
         <path>.\driverlib\</path>
         <kind>object</kind>
         <file>eqep.obj</file>
         <name>eqep.obj</name>
      </input_file>
      <input_file id="fl-21">
         <path>.\driverlib\</path>
         <kind>object</kind>
         <file>erad.obj</file>
         <name>erad.obj</name>
      </input_file>
      <input_file id="fl-22">
         <path>.\driverlib\</path>
         <kind>object</kind>
         <file>flash.obj</file>
         <name>flash.obj</name>
      </input_file>
      <input_file id="fl-23">
         <path>.\driverlib\</path>
         <kind>object</kind>
         <file>fsi.obj</file>
         <name>fsi.obj</name>
      </input_file>
      <input_file id="fl-24">
         <path>.\driverlib\</path>
         <kind>object</kind>
         <file>gpio.obj</file>
         <name>gpio.obj</name>
      </input_file>
      <input_file id="fl-25">
         <path>.\driverlib\</path>
         <kind>object</kind>
         <file>hic.obj</file>
         <name>hic.obj</name>
      </input_file>
      <input_file id="fl-26">
         <path>.\driverlib\</path>
         <kind>object</kind>
         <file>hrcap.obj</file>
         <name>hrcap.obj</name>
      </input_file>
      <input_file id="fl-27">
         <path>.\driverlib\</path>
         <kind>object</kind>
         <file>hrpwm.obj</file>
         <name>hrpwm.obj</name>
      </input_file>
      <input_file id="fl-28">
         <path>.\driverlib\</path>
         <kind>object</kind>
         <file>i2c.obj</file>
         <name>i2c.obj</name>
      </input_file>
      <input_file id="fl-29">
         <path>.\driverlib\</path>
         <kind>object</kind>
         <file>interrupt.obj</file>
         <name>interrupt.obj</name>
      </input_file>
      <input_file id="fl-2a">
         <path>.\driverlib\</path>
         <kind>object</kind>
         <file>lin.obj</file>
         <name>lin.obj</name>
      </input_file>
      <input_file id="fl-2b">
         <path>.\driverlib\</path>
         <kind>object</kind>
         <file>memcfg.obj</file>
         <name>memcfg.obj</name>
      </input_file>
      <input_file id="fl-2c">
         <path>.\driverlib\</path>
         <kind>object</kind>
         <file>pmbus.obj</file>
         <name>pmbus.obj</name>
      </input_file>
      <input_file id="fl-2d">
         <path>.\driverlib\</path>
         <kind>object</kind>
         <file>sci.obj</file>
         <name>sci.obj</name>
      </input_file>
      <input_file id="fl-2e">
         <path>.\driverlib\</path>
         <kind>object</kind>
         <file>spi.obj</file>
         <name>spi.obj</name>
      </input_file>
      <input_file id="fl-2f">
         <path>.\driverlib\</path>
         <kind>object</kind>
         <file>sysctl.obj</file>
         <name>sysctl.obj</name>
      </input_file>
      <input_file id="fl-30">
         <path>.\driverlib\</path>
         <kind>object</kind>
         <file>version.obj</file>
         <name>version.obj</name>
      </input_file>
      <input_file id="fl-31">
         <path>.\driverlib\</path>
         <kind>object</kind>
         <file>xbar.obj</file>
         <name>xbar.obj</name>
      </input_file>
      <input_file id="fl-32">
         <path>.\headers\source\</path>
         <kind>object</kind>
         <file>f28002x_globalvariabledefs.obj</file>
         <name>f28002x_globalvariabledefs.obj</name>
      </input_file>
      <input_file id="fl-3a">
         <kind>object</kind>
         <file>&lt;internal&gt;</file>
         <name>&lt;internal&gt;</name>
      </input_file>
      <input_file id="fl-46">
         <path>C:\ti\ccs1100\ccs\tools\compiler\ti-cgt-c2000_22.6.1.LTS\lib\</path>
         <kind>archive</kind>
         <file>rts2800_fpu32_eabi.lib</file>
         <name>boot28.asm.obj</name>
      </input_file>
      <input_file id="fl-47">
         <path>C:\ti\ccs1100\ccs\tools\compiler\ti-cgt-c2000_22.6.1.LTS\lib\</path>
         <kind>archive</kind>
         <file>rts2800_fpu32_eabi.lib</file>
         <name>fs_div28.asm.obj</name>
      </input_file>
      <input_file id="fl-48">
         <path>C:\ti\ccs1100\ccs\tools\compiler\ti-cgt-c2000_22.6.1.LTS\lib\</path>
         <kind>archive</kind>
         <file>rts2800_fpu32_eabi.lib</file>
         <name>pre_init.c.obj</name>
      </input_file>
      <input_file id="fl-49">
         <path>C:\ti\ccs1100\ccs\tools\compiler\ti-cgt-c2000_22.6.1.LTS\lib\</path>
         <kind>archive</kind>
         <file>rts2800_fpu32_eabi.lib</file>
         <name>autoinit.c.obj</name>
      </input_file>
      <input_file id="fl-4a">
         <path>C:\ti\ccs1100\ccs\tools\compiler\ti-cgt-c2000_22.6.1.LTS\lib\</path>
         <kind>archive</kind>
         <file>rts2800_fpu32_eabi.lib</file>
         <name>copy_zero_init.c.obj</name>
      </input_file>
      <input_file id="fl-4b">
         <path>C:\ti\ccs1100\ccs\tools\compiler\ti-cgt-c2000_22.6.1.LTS\lib\</path>
         <kind>archive</kind>
         <file>rts2800_fpu32_eabi.lib</file>
         <name>copy_decompress_none.c.obj</name>
      </input_file>
      <input_file id="fl-4c">
         <path>C:\ti\ccs1100\ccs\tools\compiler\ti-cgt-c2000_22.6.1.LTS\lib\</path>
         <kind>archive</kind>
         <file>rts2800_fpu32_eabi.lib</file>
         <name>copy_decompress_lzss.c.obj</name>
      </input_file>
      <input_file id="fl-4d">
         <path>C:\ti\ccs1100\ccs\tools\compiler\ti-cgt-c2000_22.6.1.LTS\lib\</path>
         <kind>archive</kind>
         <file>rts2800_fpu32_eabi.lib</file>
         <name>exit.c.obj</name>
      </input_file>
      <input_file id="fl-4e">
         <path>C:\ti\ccs1100\ccs\tools\compiler\ti-cgt-c2000_22.6.1.LTS\lib\</path>
         <kind>archive</kind>
         <file>rts2800_fpu32_eabi.lib</file>
         <name>_lock.c.obj</name>
      </input_file>
      <input_file id="fl-4f">
         <path>C:\ti\ccs1100\ccs\tools\compiler\ti-cgt-c2000_22.6.1.LTS\lib\</path>
         <kind>archive</kind>
         <file>rts2800_fpu32_eabi.lib</file>
         <name>args_main.c.obj</name>
      </input_file>
      <input_file id="fl-50">
         <path>C:\ti\ccs1100\ccs\tools\compiler\ti-cgt-c2000_22.6.1.LTS\lib\</path>
         <kind>archive</kind>
         <file>rts2800_fpu32_eabi.lib</file>
         <name>memset.c.obj</name>
      </input_file>
      <input_file id="fl-51">
         <path>C:\ti\ccs1100\ccs\tools\compiler\ti-cgt-c2000_22.6.1.LTS\lib\</path>
         <kind>archive</kind>
         <file>rts2800_fpu32_eabi.lib</file>
         <name>cpy_tbl.c.obj</name>
      </input_file>
      <input_file id="fl-52">
         <path>C:\ti\ccs1100\ccs\tools\compiler\ti-cgt-c2000_22.6.1.LTS\lib\</path>
         <kind>archive</kind>
         <file>rts2800_fpu32_eabi.lib</file>
         <name>memcpy.c.obj</name>
      </input_file>
      <input_file id="fl-53">
         <path>C:\ti\ccs1100\ccs\tools\compiler\ti-cgt-c2000_22.6.1.LTS\lib\</path>
         <kind>archive</kind>
         <file>rts2800_fpu32_eabi.lib</file>
         <name>startup.c.obj</name>
      </input_file>
   </input_file_list>
   <object_component_list>
      <object_component id="oc-488">
         <name>.text:SysCtl_setClock</name>
         <load_address>0xa000</load_address>
         <run_address>0xa000</run_address>
         <size>0xfc</size>
         <input_file_ref idref="fl-2f"/>
      </object_component>
      <object_component id="oc-535">
         <name>.text:SysCtl_isPLLValid</name>
         <load_address>0xa0fc</load_address>
         <run_address>0xa0fc</run_address>
         <size>0xf2</size>
         <input_file_ref idref="fl-2f"/>
      </object_component>
      <object_component id="oc-49a">
         <name>.text:Device_enableAllPeripherals</name>
         <load_address>0xa1ee</load_address>
         <run_address>0xa1ee</run_address>
         <size>0x9a</size>
         <input_file_ref idref="fl-3"/>
      </object_component>
      <object_component id="oc-575">
         <name>.text</name>
         <load_address>0xa288</load_address>
         <run_address>0xa288</run_address>
         <size>0x88</size>
         <input_file_ref idref="fl-47"/>
      </object_component>
      <object_component id="oc-9a">
         <name>.text:main</name>
         <load_address>0xa310</load_address>
         <run_address>0xa310</run_address>
         <size>0x72</size>
         <input_file_ref idref="fl-2"/>
      </object_component>
      <object_component id="oc-4c1">
         <name>.text:GPIO_setQualificationMode</name>
         <load_address>0xa382</load_address>
         <run_address>0xa382</run_address>
         <size>0x6c</size>
         <input_file_ref idref="fl-24"/>
      </object_component>
      <object_component id="oc-4bb">
         <name>.text:GPIO_setPadConfig</name>
         <load_address>0xa3ee</load_address>
         <run_address>0xa3ee</run_address>
         <size>0x66</size>
         <input_file_ref idref="fl-24"/>
      </object_component>
      <object_component id="oc-94">
         <name>.text:sciaRXFIFOISR</name>
         <load_address>0xa454</load_address>
         <run_address>0xa454</run_address>
         <size>0x4f</size>
         <input_file_ref idref="fl-2"/>
      </object_component>
      <object_component id="oc-52f">
         <name>.text:SysCtl_setPLLSysClk</name>
         <load_address>0xa4a3</load_address>
         <run_address>0xa4a3</run_address>
         <size>0x4e</size>
         <input_file_ref idref="fl-2f"/>
      </object_component>
      <object_component id="oc-567">
         <name>.text:SysCtl_selectXTAL</name>
         <load_address>0xa4f1</load_address>
         <run_address>0xa4f1</run_address>
         <size>0x46</size>
         <input_file_ref idref="fl-2f"/>
      </object_component>
      <object_component id="oc-4b5">
         <name>.text:GPIO_setDirectionMode</name>
         <load_address>0xa537</load_address>
         <run_address>0xa537</run_address>
         <size>0x45</size>
         <input_file_ref idref="fl-24"/>
      </object_component>
      <object_component id="oc-5cc">
         <name>.text:SysCtl_pollX1Counter</name>
         <load_address>0xa57c</load_address>
         <run_address>0xa57c</run_address>
         <size>0x45</size>
         <input_file_ref idref="fl-2f"/>
      </object_component>
      <object_component id="oc-382">
         <name>.text:Interrupt_initModule</name>
         <load_address>0xa5c1</load_address>
         <run_address>0xa5c1</run_address>
         <size>0x3d</size>
         <input_file_ref idref="fl-29"/>
      </object_component>
      <object_component id="oc-362">
         <name>.text:SCI_clearInterruptStatus</name>
         <load_address>0xa5fe</load_address>
         <run_address>0xa5fe</run_address>
         <size>0x3b</size>
         <input_file_ref idref="fl-2d"/>
      </object_component>
      <object_component id="oc-4af">
         <name>.text:GPIO_setPinConfig</name>
         <load_address>0xa639</load_address>
         <run_address>0xa639</run_address>
         <size>0x37</size>
         <input_file_ref idref="fl-24"/>
      </object_component>
      <object_component id="oc-37c">
         <name>.text:scia_pin_config_init</name>
         <load_address>0xa670</load_address>
         <run_address>0xa670</run_address>
         <size>0x35</size>
         <input_file_ref idref="fl-2"/>
      </object_component>
      <object_component id="oc-39a">
         <name>.text:scia_echoback_init</name>
         <load_address>0xa6a5</load_address>
         <run_address>0xa6a5</run_address>
         <size>0x31</size>
         <input_file_ref idref="fl-2"/>
      </object_component>
      <object_component id="oc-82">
         <name>.text:decompress:lzss</name>
         <load_address>0xa6d6</load_address>
         <run_address>0xa6d6</run_address>
         <size>0x30</size>
         <input_file_ref idref="fl-4c"/>
      </object_component>
      <object_component id="oc-5aa">
         <name>.text:DCC_setCounterSeeds</name>
         <load_address>0xa706</load_address>
         <run_address>0xa706</run_address>
         <size>0x2f</size>
         <input_file_ref idref="fl-2f"/>
      </object_component>
      <object_component id="oc-529">
         <name>.text:SysCtl_selectOscSource</name>
         <load_address>0xa735</load_address>
         <run_address>0xa735</run_address>
         <size>0x2b</size>
         <input_file_ref idref="fl-2f"/>
      </object_component>
      <object_component id="oc-434">
         <name>.text:__TI_auto_init_nobinit_nopinit</name>
         <load_address>0xa760</load_address>
         <run_address>0xa760</run_address>
         <size>0x2b</size>
         <input_file_ref idref="fl-49"/>
      </object_component>
      <object_component id="oc-34c">
         <name>.text</name>
         <load_address>0xa78b</load_address>
         <run_address>0xa78b</run_address>
         <size>0x29</size>
         <input_file_ref idref="fl-4d"/>
      </object_component>
      <object_component id="oc-56d">
         <name>.text:SysCtl_selectXTALSingleEnded</name>
         <load_address>0xa7b4</load_address>
         <run_address>0xa7b4</run_address>
         <size>0x25</size>
         <input_file_ref idref="fl-2f"/>
      </object_component>
      <object_component id="oc-316">
         <name>.text:Interrupt_initVectorTable</name>
         <load_address>0xa7d9</load_address>
         <run_address>0xa7d9</run_address>
         <size>0x1e</size>
         <input_file_ref idref="fl-29"/>
      </object_component>
      <object_component id="oc-32b">
         <name>.text</name>
         <load_address>0xa7f7</load_address>
         <run_address>0xa7f7</run_address>
         <size>0x1d</size>
         <input_file_ref idref="fl-52"/>
      </object_component>
      <object_component id="oc-5b0">
         <name>.text:DCC_enableSingleShotMode</name>
         <load_address>0xa814</load_address>
         <run_address>0xa814</run_address>
         <size>0x1a</size>
         <input_file_ref idref="fl-2f"/>
      </object_component>
      <object_component id="oc-53f">
         <name>.text:SysCtl_enablePeripheral</name>
         <load_address>0xa82e</load_address>
         <run_address>0xa82e</run_address>
         <size>0x17</size>
         <input_file_ref idref="fl-3"/>
      </object_component>
      <object_component id="oc-57a">
         <name>.text:SysCtl_enablePeripheral</name>
         <load_address>0xa845</load_address>
         <run_address>0xa845</run_address>
         <size>0x17</size>
         <input_file_ref idref="fl-2f"/>
      </object_component>
      <object_component id="oc-8f">
         <name>.text</name>
         <load_address>0xa85c</load_address>
         <run_address>0xa85c</run_address>
         <size>0x17</size>
         <input_file_ref idref="fl-46"/>
      </object_component>
      <object_component id="oc-310">
         <name>.text:Interrupt_defaultHandler</name>
         <load_address>0xa873</load_address>
         <run_address>0xa873</run_address>
         <size>0x16</size>
         <input_file_ref idref="fl-29"/>
      </object_component>
      <object_component id="oc-4a8">
         <name>.text:GPIO_unlockPortConfig</name>
         <load_address>0xa889</load_address>
         <run_address>0xa889</run_address>
         <size>0x15</size>
         <input_file_ref idref="fl-3"/>
      </object_component>
      <object_component id="oc-59e">
         <name>.text:DCC_setCounter0ClkSource</name>
         <load_address>0xa89e</load_address>
         <run_address>0xa89e</run_address>
         <size>0x14</size>
         <input_file_ref idref="fl-2f"/>
      </object_component>
      <object_component id="oc-5a4">
         <name>.text:DCC_setCounter1ClkSource</name>
         <load_address>0xa8b2</load_address>
         <run_address>0xa8b2</run_address>
         <size>0x14</size>
         <input_file_ref idref="fl-2f"/>
      </object_component>
      <object_component id="oc-494">
         <name>.text:SysCtl_deviceCal</name>
         <load_address>0xa8c6</load_address>
         <run_address>0xa8c6</run_address>
         <size>0x14</size>
         <input_file_ref idref="fl-3"/>
      </object_component>
      <object_component id="oc-3a1">
         <name>.text:UART_message</name>
         <load_address>0xa8da</load_address>
         <run_address>0xa8da</run_address>
         <size>0x13</size>
         <input_file_ref idref="fl-2"/>
      </object_component>
      <object_component id="oc-370">
         <name>.text:Device_init</name>
         <load_address>0xa8ed</load_address>
         <run_address>0xa8ed</run_address>
         <size>0x12</size>
         <input_file_ref idref="fl-3"/>
      </object_component>
      <object_component id="oc-376">
         <name>.text:Device_initGPIO</name>
         <load_address>0xa8ff</load_address>
         <run_address>0xa8ff</run_address>
         <size>0x10</size>
         <input_file_ref idref="fl-3"/>
      </object_component>
      <object_component id="oc-388">
         <name>.text:Interrupt_register</name>
         <load_address>0xa90f</load_address>
         <run_address>0xa90f</run_address>
         <size>0xf</size>
         <input_file_ref idref="fl-2"/>
      </object_component>
      <object_component id="oc-476">
         <name>.text:SCI_performSoftwareReset</name>
         <load_address>0xa91e</load_address>
         <run_address>0xa91e</run_address>
         <size>0xe</size>
         <input_file_ref idref="fl-2d"/>
      </object_component>
      <object_component id="oc-4d4">
         <name>.text:UART_transmit_message</name>
         <load_address>0xa92c</load_address>
         <run_address>0xa92c</run_address>
         <size>0xe</size>
         <input_file_ref idref="fl-2"/>
      </object_component>
      <object_component id="oc-394">
         <name>.text:scia_fifo_init</name>
         <load_address>0xa93a</load_address>
         <run_address>0xa93a</run_address>
         <size>0xe</size>
         <input_file_ref idref="fl-2"/>
      </object_component>
      <object_component id="oc-304">
         <name>.text:EMPTY_ISR</name>
         <load_address>0xa948</load_address>
         <run_address>0xa948</run_address>
         <size>0xd</size>
         <input_file_ref idref="fl-a"/>
      </object_component>
      <object_component id="oc-4c8">
         <name>.text:Interrupt_disableGlobal</name>
         <load_address>0xa955</load_address>
         <run_address>0xa955</run_address>
         <size>0xd</size>
         <input_file_ref idref="fl-29"/>
      </object_component>
      <object_component id="oc-48e">
         <name>.text:SysCtl_setLowSpeedClock</name>
         <load_address>0xa962</load_address>
         <run_address>0xa962</run_address>
         <size>0xd</size>
         <input_file_ref idref="fl-3"/>
      </object_component>
      <object_component id="oc-333">
         <name>.text:decompress:ZI:__TI_zero_init_nomemset</name>
         <load_address>0xa96f</load_address>
         <run_address>0xa96f</run_address>
         <size>0xd</size>
         <input_file_ref idref="fl-4a"/>
      </object_component>
      <object_component id="oc-598">
         <name>.text:DCC_disableDoneSignal</name>
         <load_address>0xa97c</load_address>
         <run_address>0xa97c</run_address>
         <size>0xc</size>
         <input_file_ref idref="fl-2f"/>
      </object_component>
      <object_component id="oc-346">
         <name>.text</name>
         <load_address>0xa988</load_address>
         <run_address>0xa988</run_address>
         <size>0xc</size>
         <input_file_ref idref="fl-4f"/>
      </object_component>
      <object_component id="oc-586">
         <name>.text:DCC_clearDoneFlag</name>
         <load_address>0xa994</load_address>
         <run_address>0xa994</run_address>
         <size>0xb</size>
         <input_file_ref idref="fl-2f"/>
      </object_component>
      <object_component id="oc-580">
         <name>.text:DCC_clearErrorFlag</name>
         <load_address>0xa99f</load_address>
         <run_address>0xa99f</run_address>
         <size>0xb</size>
         <input_file_ref idref="fl-2f"/>
      </object_component>
      <object_component id="oc-592">
         <name>.text:DCC_disableErrorSignal</name>
         <load_address>0xa9aa</load_address>
         <run_address>0xa9aa</run_address>
         <size>0xb</size>
         <input_file_ref idref="fl-2f"/>
      </object_component>
      <object_component id="oc-58c">
         <name>.text:DCC_disableModule</name>
         <load_address>0xa9b5</load_address>
         <run_address>0xa9b5</run_address>
         <size>0xb</size>
         <input_file_ref idref="fl-2f"/>
      </object_component>
      <object_component id="oc-5b6">
         <name>.text:DCC_enableModule</name>
         <load_address>0xa9c0</load_address>
         <run_address>0xa9c0</run_address>
         <size>0xb</size>
         <input_file_ref idref="fl-2f"/>
      </object_component>
      <object_component id="oc-482">
         <name>.text:SysCtl_disableWatchdog</name>
         <load_address>0xa9cb</load_address>
         <run_address>0xa9cb</run_address>
         <size>0xb</size>
         <input_file_ref idref="fl-3"/>
      </object_component>
      <object_component id="oc-522">
         <name>.text:SysCtl_isMCDClockFailureDetected</name>
         <load_address>0xa9d6</load_address>
         <run_address>0xa9d6</run_address>
         <size>0xb</size>
         <input_file_ref idref="fl-2f"/>
      </object_component>
      <object_component id="oc-12a">
         <name>.text:ADCA1_ISR</name>
         <load_address>0xa9e1</load_address>
         <run_address>0xa9e1</run_address>
         <size>0xa</size>
         <input_file_ref idref="fl-a"/>
      </object_component>
      <object_component id="oc-23e">
         <name>.text:ADCA2_ISR</name>
         <load_address>0xa9eb</load_address>
         <run_address>0xa9eb</run_address>
         <size>0xa</size>
         <input_file_ref idref="fl-a"/>
      </object_component>
      <object_component id="oc-244">
         <name>.text:ADCA3_ISR</name>
         <load_address>0xa9f5</load_address>
         <run_address>0xa9f5</run_address>
         <size>0xa</size>
         <input_file_ref idref="fl-a"/>
      </object_component>
      <object_component id="oc-24a">
         <name>.text:ADCA4_ISR</name>
         <load_address>0xa9ff</load_address>
         <run_address>0xa9ff</run_address>
         <size>0xa</size>
         <input_file_ref idref="fl-a"/>
      </object_component>
      <object_component id="oc-238">
         <name>.text:ADCA_EVT_ISR</name>
         <load_address>0xaa09</load_address>
         <run_address>0xaa09</run_address>
         <size>0xa</size>
         <input_file_ref idref="fl-a"/>
      </object_component>
      <object_component id="oc-130">
         <name>.text:ADCC1_ISR</name>
         <load_address>0xaa13</load_address>
         <run_address>0xaa13</run_address>
         <size>0xa</size>
         <input_file_ref idref="fl-a"/>
      </object_component>
      <object_component id="oc-2d4">
         <name>.text:ADCC2_ISR</name>
         <load_address>0xaa1d</load_address>
         <run_address>0xaa1d</run_address>
         <size>0xa</size>
         <input_file_ref idref="fl-a"/>
      </object_component>
      <object_component id="oc-2da">
         <name>.text:ADCC3_ISR</name>
         <load_address>0xaa27</load_address>
         <run_address>0xaa27</run_address>
         <size>0xa</size>
         <input_file_ref idref="fl-a"/>
      </object_component>
      <object_component id="oc-2e0">
         <name>.text:ADCC4_ISR</name>
         <load_address>0xaa31</load_address>
         <run_address>0xaa31</run_address>
         <size>0xa</size>
         <input_file_ref idref="fl-a"/>
      </object_component>
      <object_component id="oc-2ce">
         <name>.text:ADCC_EVT_ISR</name>
         <load_address>0xaa3b</load_address>
         <run_address>0xaa3b</run_address>
         <size>0xa</size>
         <input_file_ref idref="fl-a"/>
      </object_component>
      <object_component id="oc-2c2">
         <name>.text:BGCRC_ISR</name>
         <load_address>0xaa45</load_address>
         <run_address>0xaa45</run_address>
         <size>0xa</size>
         <input_file_ref idref="fl-a"/>
      </object_component>
      <object_component id="oc-22c">
         <name>.text:CANA0_ISR</name>
         <load_address>0xaa4f</load_address>
         <run_address>0xaa4f</run_address>
         <size>0xa</size>
         <input_file_ref idref="fl-a"/>
      </object_component>
      <object_component id="oc-232">
         <name>.text:CANA1_ISR</name>
         <load_address>0xaa59</load_address>
         <run_address>0xaa59</run_address>
         <size>0xa</size>
         <input_file_ref idref="fl-a"/>
      </object_component>
      <object_component id="oc-1c0">
         <name>.text:CLB1_ISR</name>
         <load_address>0xaa63</load_address>
         <run_address>0xaa63</run_address>
         <size>0xa</size>
         <input_file_ref idref="fl-a"/>
      </object_component>
      <object_component id="oc-1c6">
         <name>.text:CLB2_ISR</name>
         <load_address>0xaa6d</load_address>
         <run_address>0xaa6d</run_address>
         <size>0xa</size>
         <input_file_ref idref="fl-a"/>
      </object_component>
      <object_component id="oc-c4">
         <name>.text:DATALOG_ISR</name>
         <load_address>0xaa77</load_address>
         <run_address>0xaa77</run_address>
         <size>0xa</size>
         <input_file_ref idref="fl-a"/>
      </object_component>
      <object_component id="oc-298">
         <name>.text:DCC0_ISR</name>
         <load_address>0xaa81</load_address>
         <run_address>0xaa81</run_address>
         <size>0xa</size>
         <input_file_ref idref="fl-a"/>
      </object_component>
      <object_component id="oc-2bc">
         <name>.text:DCC1_ISR</name>
         <load_address>0xaa8b</load_address>
         <run_address>0xaa8b</run_address>
         <size>0xa</size>
         <input_file_ref idref="fl-a"/>
      </object_component>
      <object_component id="oc-1e4">
         <name>.text:DMA_CH1_ISR</name>
         <load_address>0xaa95</load_address>
         <run_address>0xaa95</run_address>
         <size>0xa</size>
         <input_file_ref idref="fl-a"/>
      </object_component>
      <object_component id="oc-1ea">
         <name>.text:DMA_CH2_ISR</name>
         <load_address>0xaa9f</load_address>
         <run_address>0xaa9f</run_address>
         <size>0xa</size>
         <input_file_ref idref="fl-a"/>
      </object_component>
      <object_component id="oc-1f0">
         <name>.text:DMA_CH3_ISR</name>
         <load_address>0xaaa9</load_address>
         <run_address>0xaaa9</run_address>
         <size>0xa</size>
         <input_file_ref idref="fl-a"/>
      </object_component>
      <object_component id="oc-1f6">
         <name>.text:DMA_CH4_ISR</name>
         <load_address>0xaab3</load_address>
         <run_address>0xaab3</run_address>
         <size>0xa</size>
         <input_file_ref idref="fl-a"/>
      </object_component>
      <object_component id="oc-1fc">
         <name>.text:DMA_CH5_ISR</name>
         <load_address>0xaabd</load_address>
         <run_address>0xaabd</run_address>
         <size>0xa</size>
         <input_file_ref idref="fl-a"/>
      </object_component>
      <object_component id="oc-202">
         <name>.text:DMA_CH6_ISR</name>
         <load_address>0xaac7</load_address>
         <run_address>0xaac7</run_address>
         <size>0xa</size>
         <input_file_ref idref="fl-a"/>
      </object_component>
      <object_component id="oc-1a2">
         <name>.text:ECAP1_ISR</name>
         <load_address>0xaad1</load_address>
         <run_address>0xaad1</run_address>
         <size>0xa</size>
         <input_file_ref idref="fl-a"/>
      </object_component>
      <object_component id="oc-1a8">
         <name>.text:ECAP2_ISR</name>
         <load_address>0xaadb</load_address>
         <run_address>0xaadb</run_address>
         <size>0xa</size>
         <input_file_ref idref="fl-a"/>
      </object_component>
      <object_component id="oc-27a">
         <name>.text:ECAP3_2_ISR</name>
         <load_address>0xaae5</load_address>
         <run_address>0xaae5</run_address>
         <size>0xa</size>
         <input_file_ref idref="fl-a"/>
      </object_component>
      <object_component id="oc-1ae">
         <name>.text:ECAP3_ISR</name>
         <load_address>0xaaef</load_address>
         <run_address>0xaaef</run_address>
         <size>0xa</size>
         <input_file_ref idref="fl-a"/>
      </object_component>
      <object_component id="oc-d0">
         <name>.text:EMU_ISR</name>
         <load_address>0xaaf9</load_address>
         <run_address>0xaaf9</run_address>
         <size>0xa</size>
         <input_file_ref idref="fl-a"/>
      </object_component>
      <object_component id="oc-178">
         <name>.text:EPWM1_ISR</name>
         <load_address>0xab03</load_address>
         <run_address>0xab03</run_address>
         <size>0xa</size>
         <input_file_ref idref="fl-a"/>
      </object_component>
      <object_component id="oc-14e">
         <name>.text:EPWM1_TZ_ISR</name>
         <load_address>0xab0d</load_address>
         <run_address>0xab0d</run_address>
         <size>0xa</size>
         <input_file_ref idref="fl-a"/>
      </object_component>
      <object_component id="oc-17e">
         <name>.text:EPWM2_ISR</name>
         <load_address>0xab17</load_address>
         <run_address>0xab17</run_address>
         <size>0xa</size>
         <input_file_ref idref="fl-a"/>
      </object_component>
      <object_component id="oc-154">
         <name>.text:EPWM2_TZ_ISR</name>
         <load_address>0xab21</load_address>
         <run_address>0xab21</run_address>
         <size>0xa</size>
         <input_file_ref idref="fl-a"/>
      </object_component>
      <object_component id="oc-184">
         <name>.text:EPWM3_ISR</name>
         <load_address>0xab2b</load_address>
         <run_address>0xab2b</run_address>
         <size>0xa</size>
         <input_file_ref idref="fl-a"/>
      </object_component>
      <object_component id="oc-15a">
         <name>.text:EPWM3_TZ_ISR</name>
         <load_address>0xab35</load_address>
         <run_address>0xab35</run_address>
         <size>0xa</size>
         <input_file_ref idref="fl-a"/>
      </object_component>
      <object_component id="oc-18a">
         <name>.text:EPWM4_ISR</name>
         <load_address>0xab3f</load_address>
         <run_address>0xab3f</run_address>
         <size>0xa</size>
         <input_file_ref idref="fl-a"/>
      </object_component>
      <object_component id="oc-160">
         <name>.text:EPWM4_TZ_ISR</name>
         <load_address>0xab49</load_address>
         <run_address>0xab49</run_address>
         <size>0xa</size>
         <input_file_ref idref="fl-a"/>
      </object_component>
      <object_component id="oc-190">
         <name>.text:EPWM5_ISR</name>
         <load_address>0xab53</load_address>
         <run_address>0xab53</run_address>
         <size>0xa</size>
         <input_file_ref idref="fl-a"/>
      </object_component>
      <object_component id="oc-166">
         <name>.text:EPWM5_TZ_ISR</name>
         <load_address>0xab5d</load_address>
         <run_address>0xab5d</run_address>
         <size>0xa</size>
         <input_file_ref idref="fl-a"/>
      </object_component>
      <object_component id="oc-196">
         <name>.text:EPWM6_ISR</name>
         <load_address>0xab67</load_address>
         <run_address>0xab67</run_address>
         <size>0xa</size>
         <input_file_ref idref="fl-a"/>
      </object_component>
      <object_component id="oc-16c">
         <name>.text:EPWM6_TZ_ISR</name>
         <load_address>0xab71</load_address>
         <run_address>0xab71</run_address>
         <size>0xa</size>
         <input_file_ref idref="fl-a"/>
      </object_component>
      <object_component id="oc-19c">
         <name>.text:EPWM7_ISR</name>
         <load_address>0xab7b</load_address>
         <run_address>0xab7b</run_address>
         <size>0xa</size>
         <input_file_ref idref="fl-a"/>
      </object_component>
      <object_component id="oc-172">
         <name>.text:EPWM7_TZ_ISR</name>
         <load_address>0xab85</load_address>
         <run_address>0xab85</run_address>
         <size>0xa</size>
         <input_file_ref idref="fl-a"/>
      </object_component>
      <object_component id="oc-1b4">
         <name>.text:EQEP1_ISR</name>
         <load_address>0xab8f</load_address>
         <run_address>0xab8f</run_address>
         <size>0xa</size>
         <input_file_ref idref="fl-a"/>
      </object_component>
      <object_component id="oc-1ba">
         <name>.text:EQEP2_ISR</name>
         <load_address>0xab99</load_address>
         <run_address>0xab99</run_address>
         <size>0xa</size>
         <input_file_ref idref="fl-a"/>
      </object_component>
      <object_component id="oc-2ec">
         <name>.text:FLASH_CORR_ERR_ISR</name>
         <load_address>0xaba3</load_address>
         <run_address>0xaba3</run_address>
         <size>0xa</size>
         <input_file_ref idref="fl-a"/>
      </object_component>
      <object_component id="oc-268">
         <name>.text:FMC_ISR</name>
         <load_address>0xabad</load_address>
         <run_address>0xabad</run_address>
         <size>0xa</size>
         <input_file_ref idref="fl-a"/>
      </object_component>
      <object_component id="oc-26e">
         <name>.text:FPU_OVERFLOW_ISR</name>
         <load_address>0xabb7</load_address>
         <run_address>0xabb7</run_address>
         <size>0xa</size>
         <input_file_ref idref="fl-a"/>
      </object_component>
      <object_component id="oc-274">
         <name>.text:FPU_UNDERFLOW_ISR</name>
         <load_address>0xabc1</load_address>
         <run_address>0xabc1</run_address>
         <size>0xa</size>
         <input_file_ref idref="fl-a"/>
      </object_component>
      <object_component id="oc-28c">
         <name>.text:FSIRXA1_ISR</name>
         <load_address>0xabcb</load_address>
         <run_address>0xabcb</run_address>
         <size>0xa</size>
         <input_file_ref idref="fl-a"/>
      </object_component>
      <object_component id="oc-292">
         <name>.text:FSIRXA2_ISR</name>
         <load_address>0xabd5</load_address>
         <run_address>0xabd5</run_address>
         <size>0xa</size>
         <input_file_ref idref="fl-a"/>
      </object_component>
      <object_component id="oc-280">
         <name>.text:FSITXA1_ISR</name>
         <load_address>0xabdf</load_address>
         <run_address>0xabdf</run_address>
         <size>0xa</size>
         <input_file_ref idref="fl-a"/>
      </object_component>
      <object_component id="oc-286">
         <name>.text:FSITXA2_ISR</name>
         <load_address>0xabe9</load_address>
         <run_address>0xabe9</run_address>
         <size>0xa</size>
         <input_file_ref idref="fl-a"/>
      </object_component>
      <object_component id="oc-2c8">
         <name>.text:HICA_ISR</name>
         <load_address>0xabf3</load_address>
         <run_address>0xabf3</run_address>
         <size>0xa</size>
         <input_file_ref idref="fl-a"/>
      </object_component>
      <object_component id="oc-20e">
         <name>.text:I2CA_FIFO_ISR</name>
         <load_address>0xabfd</load_address>
         <run_address>0xabfd</run_address>
         <size>0xa</size>
         <input_file_ref idref="fl-a"/>
      </object_component>
      <object_component id="oc-208">
         <name>.text:I2CA_ISR</name>
         <load_address>0xac07</load_address>
         <run_address>0xac07</run_address>
         <size>0xa</size>
         <input_file_ref idref="fl-a"/>
      </object_component>
      <object_component id="oc-21a">
         <name>.text:I2CB_FIFO_ISR</name>
         <load_address>0xac11</load_address>
         <run_address>0xac11</run_address>
         <size>0xa</size>
         <input_file_ref idref="fl-a"/>
      </object_component>
      <object_component id="oc-214">
         <name>.text:I2CB_ISR</name>
         <load_address>0xac1b</load_address>
         <run_address>0xac1b</run_address>
         <size>0xa</size>
         <input_file_ref idref="fl-a"/>
      </object_component>
      <object_component id="oc-dc">
         <name>.text:ILLEGAL_ISR</name>
         <load_address>0xac25</load_address>
         <run_address>0xac25</run_address>
         <size>0xa</size>
         <input_file_ref idref="fl-a"/>
      </object_component>
      <object_component id="oc-31c">
         <name>.text:Interrupt_illegalOperationHandler</name>
         <load_address>0xac2f</load_address>
         <run_address>0xac2f</run_address>
         <size>0xa</size>
         <input_file_ref idref="fl-29"/>
      </object_component>
      <object_component id="oc-322">
         <name>.text:Interrupt_nmiHandler</name>
         <load_address>0xac39</load_address>
         <run_address>0xac39</run_address>
         <size>0xa</size>
         <input_file_ref idref="fl-29"/>
      </object_component>
      <object_component id="oc-29e">
         <name>.text:LINA_0_ISR</name>
         <load_address>0xac43</load_address>
         <run_address>0xac43</run_address>
         <size>0xa</size>
         <input_file_ref idref="fl-a"/>
      </object_component>
      <object_component id="oc-2a4">
         <name>.text:LINA_1_ISR</name>
         <load_address>0xac4d</load_address>
         <run_address>0xac4d</run_address>
         <size>0xa</size>
         <input_file_ref idref="fl-a"/>
      </object_component>
      <object_component id="oc-2aa">
         <name>.text:LINB_0_ISR</name>
         <load_address>0xac57</load_address>
         <run_address>0xac57</run_address>
         <size>0xa</size>
         <input_file_ref idref="fl-a"/>
      </object_component>
      <object_component id="oc-2b0">
         <name>.text:LINB_1_ISR</name>
         <load_address>0xac61</load_address>
         <run_address>0xac61</run_address>
         <size>0xa</size>
         <input_file_ref idref="fl-a"/>
      </object_component>
      <object_component id="oc-262">
         <name>.text:MPOST_ISR</name>
         <load_address>0xac6b</load_address>
         <run_address>0xac6b</run_address>
         <size>0xa</size>
         <input_file_ref idref="fl-a"/>
      </object_component>
      <object_component id="oc-d6">
         <name>.text:NMI_ISR</name>
         <load_address>0xac75</load_address>
         <run_address>0xac75</run_address>
         <size>0xa</size>
         <input_file_ref idref="fl-a"/>
      </object_component>
      <object_component id="oc-30a">
         <name>.text:NOTUSED_ISR</name>
         <load_address>0xac7f</load_address>
         <run_address>0xac7f</run_address>
         <size>0xa</size>
         <input_file_ref idref="fl-a"/>
      </object_component>
      <object_component id="oc-2fe">
         <name>.text:PIE_RESERVED_ISR</name>
         <load_address>0xac89</load_address>
         <run_address>0xac89</run_address>
         <size>0xa</size>
         <input_file_ref idref="fl-a"/>
      </object_component>
      <object_component id="oc-2b6">
         <name>.text:PMBUSA_ISR</name>
         <load_address>0xac93</load_address>
         <run_address>0xac93</run_address>
         <size>0xa</size>
         <input_file_ref idref="fl-a"/>
      </object_component>
      <object_component id="oc-2f2">
         <name>.text:RAM_ACC_VIOL_ISR</name>
         <load_address>0xac9d</load_address>
         <run_address>0xac9d</run_address>
         <size>0xa</size>
         <input_file_ref idref="fl-a"/>
      </object_component>
      <object_component id="oc-2e6">
         <name>.text:RAM_CORR_ERR_ISR</name>
         <load_address>0xaca7</load_address>
         <run_address>0xaca7</run_address>
         <size>0xa</size>
         <input_file_ref idref="fl-a"/>
      </object_component>
      <object_component id="oc-ca">
         <name>.text:RTOS_ISR</name>
         <load_address>0xacb1</load_address>
         <run_address>0xacb1</run_address>
         <size>0xa</size>
         <input_file_ref idref="fl-a"/>
      </object_component>
      <object_component id="oc-220">
         <name>.text:SCIA_RX_ISR</name>
         <load_address>0xacbb</load_address>
         <run_address>0xacbb</run_address>
         <size>0xa</size>
         <input_file_ref idref="fl-a"/>
      </object_component>
      <object_component id="oc-226">
         <name>.text:SCIA_TX_ISR</name>
         <load_address>0xacc5</load_address>
         <run_address>0xacc5</run_address>
         <size>0xa</size>
         <input_file_ref idref="fl-a"/>
      </object_component>
      <object_component id="oc-1cc">
         <name>.text:SPIA_RX_ISR</name>
         <load_address>0xaccf</load_address>
         <run_address>0xaccf</run_address>
         <size>0xa</size>
         <input_file_ref idref="fl-a"/>
      </object_component>
      <object_component id="oc-1d2">
         <name>.text:SPIA_TX_ISR</name>
         <load_address>0xacd9</load_address>
         <run_address>0xacd9</run_address>
         <size>0xa</size>
         <input_file_ref idref="fl-a"/>
      </object_component>
      <object_component id="oc-1d8">
         <name>.text:SPIB_RX_ISR</name>
         <load_address>0xace3</load_address>
         <run_address>0xace3</run_address>
         <size>0xa</size>
         <input_file_ref idref="fl-a"/>
      </object_component>
      <object_component id="oc-1de">
         <name>.text:SPIB_TX_ISR</name>
         <load_address>0xaced</load_address>
         <run_address>0xaced</run_address>
         <size>0xa</size>
         <input_file_ref idref="fl-a"/>
      </object_component>
      <object_component id="oc-2f8">
         <name>.text:SYS_PLL_SLIP_ISR</name>
         <load_address>0xacf7</load_address>
         <run_address>0xacf7</run_address>
         <size>0xa</size>
         <input_file_ref idref="fl-a"/>
      </object_component>
      <object_component id="oc-142">
         <name>.text:TIMER0_ISR</name>
         <load_address>0xad01</load_address>
         <run_address>0xad01</run_address>
         <size>0xa</size>
         <input_file_ref idref="fl-a"/>
      </object_component>
      <object_component id="oc-b5">
         <name>.text:TIMER1_ISR</name>
         <load_address>0xad0b</load_address>
         <run_address>0xad0b</run_address>
         <size>0xa</size>
         <input_file_ref idref="fl-a"/>
      </object_component>
      <object_component id="oc-be">
         <name>.text:TIMER2_ISR</name>
         <load_address>0xad15</load_address>
         <run_address>0xad15</run_address>
         <size>0xa</size>
         <input_file_ref idref="fl-a"/>
      </object_component>
      <object_component id="oc-118">
         <name>.text:USER10_ISR</name>
         <load_address>0xad1f</load_address>
         <run_address>0xad1f</run_address>
         <size>0xa</size>
         <input_file_ref idref="fl-a"/>
      </object_component>
      <object_component id="oc-11e">
         <name>.text:USER11_ISR</name>
         <load_address>0xad29</load_address>
         <run_address>0xad29</run_address>
         <size>0xa</size>
         <input_file_ref idref="fl-a"/>
      </object_component>
      <object_component id="oc-124">
         <name>.text:USER12_ISR</name>
         <load_address>0xad33</load_address>
         <run_address>0xad33</run_address>
         <size>0xa</size>
         <input_file_ref idref="fl-a"/>
      </object_component>
      <object_component id="oc-e2">
         <name>.text:USER1_ISR</name>
         <load_address>0xad3d</load_address>
         <run_address>0xad3d</run_address>
         <size>0xa</size>
         <input_file_ref idref="fl-a"/>
      </object_component>
      <object_component id="oc-e8">
         <name>.text:USER2_ISR</name>
         <load_address>0xad47</load_address>
         <run_address>0xad47</run_address>
         <size>0xa</size>
         <input_file_ref idref="fl-a"/>
      </object_component>
      <object_component id="oc-ee">
         <name>.text:USER3_ISR</name>
         <load_address>0xad51</load_address>
         <run_address>0xad51</run_address>
         <size>0xa</size>
         <input_file_ref idref="fl-a"/>
      </object_component>
      <object_component id="oc-f4">
         <name>.text:USER4_ISR</name>
         <load_address>0xad5b</load_address>
         <run_address>0xad5b</run_address>
         <size>0xa</size>
         <input_file_ref idref="fl-a"/>
      </object_component>
      <object_component id="oc-fa">
         <name>.text:USER5_ISR</name>
         <load_address>0xad65</load_address>
         <run_address>0xad65</run_address>
         <size>0xa</size>
         <input_file_ref idref="fl-a"/>
      </object_component>
      <object_component id="oc-100">
         <name>.text:USER6_ISR</name>
         <load_address>0xad6f</load_address>
         <run_address>0xad6f</run_address>
         <size>0xa</size>
         <input_file_ref idref="fl-a"/>
      </object_component>
      <object_component id="oc-106">
         <name>.text:USER7_ISR</name>
         <load_address>0xad79</load_address>
         <run_address>0xad79</run_address>
         <size>0xa</size>
         <input_file_ref idref="fl-a"/>
      </object_component>
      <object_component id="oc-10c">
         <name>.text:USER8_ISR</name>
         <load_address>0xad83</load_address>
         <run_address>0xad83</run_address>
         <size>0xa</size>
         <input_file_ref idref="fl-a"/>
      </object_component>
      <object_component id="oc-112">
         <name>.text:USER9_ISR</name>
         <load_address>0xad8d</load_address>
         <run_address>0xad8d</run_address>
         <size>0xa</size>
         <input_file_ref idref="fl-a"/>
      </object_component>
      <object_component id="oc-148">
         <name>.text:WAKE_ISR</name>
         <load_address>0xad97</load_address>
         <run_address>0xad97</run_address>
         <size>0xa</size>
         <input_file_ref idref="fl-a"/>
      </object_component>
      <object_component id="oc-136">
         <name>.text:XINT1_ISR</name>
         <load_address>0xada1</load_address>
         <run_address>0xada1</run_address>
         <size>0xa</size>
         <input_file_ref idref="fl-a"/>
      </object_component>
      <object_component id="oc-13c">
         <name>.text:XINT2_ISR</name>
         <load_address>0xadab</load_address>
         <run_address>0xadab</run_address>
         <size>0xa</size>
         <input_file_ref idref="fl-a"/>
      </object_component>
      <object_component id="oc-250">
         <name>.text:XINT3_ISR</name>
         <load_address>0xadb5</load_address>
         <run_address>0xadb5</run_address>
         <size>0xa</size>
         <input_file_ref idref="fl-a"/>
      </object_component>
      <object_component id="oc-256">
         <name>.text:XINT4_ISR</name>
         <load_address>0xadbf</load_address>
         <run_address>0xadbf</run_address>
         <size>0xa</size>
         <input_file_ref idref="fl-a"/>
      </object_component>
      <object_component id="oc-25c">
         <name>.text:XINT5_ISR</name>
         <load_address>0xadc9</load_address>
         <run_address>0xadc9</run_address>
         <size>0xa</size>
         <input_file_ref idref="fl-a"/>
      </object_component>
      <object_component id="oc-38e">
         <name>.text:EnableInterrupts</name>
         <load_address>0xadd3</load_address>
         <run_address>0xadd3</run_address>
         <size>0x9</size>
         <input_file_ref idref="fl-e"/>
      </object_component>
      <object_component id="oc-35c">
         <name>.text:SCI_clearOverflowStatus</name>
         <load_address>0xaddc</load_address>
         <run_address>0xaddc</run_address>
         <size>0x9</size>
         <input_file_ref idref="fl-2"/>
      </object_component>
      <object_component id="oc-50e">
         <name>.text</name>
         <load_address>0xade5</load_address>
         <run_address>0xade5</run_address>
         <size>0x9</size>
         <input_file_ref idref="fl-4e"/>
      </object_component>
      <object_component id="oc-88">
         <name>.text:decompress:none</name>
         <load_address>0xadee</load_address>
         <run_address>0xadee</run_address>
         <size>0x8</size>
         <input_file_ref idref="fl-4b"/>
      </object_component>
      <object_component id="oc-3ae">
         <name>.text</name>
         <load_address>0xadf6</load_address>
         <run_address>0xadf6</run_address>
         <size>0x8</size>
         <input_file_ref idref="fl-5"/>
      </object_component>
      <object_component id="oc-4a0">
         <name>.text:ASysCtl_lockVREG</name>
         <load_address>0xadfe</load_address>
         <run_address>0xadfe</run_address>
         <size>0x7</size>
         <input_file_ref idref="fl-3"/>
      </object_component>
      <object_component id="oc-5d2">
         <name>.text:SysCtl_resetMCD</name>
         <load_address>0xae05</load_address>
         <run_address>0xae05</run_address>
         <size>0x7</size>
         <input_file_ref idref="fl-2f"/>
      </object_component>
      <object_component id="oc-368">
         <name>.text:Interrupt_clearACKGroup</name>
         <load_address>0xae0c</load_address>
         <run_address>0xae0c</run_address>
         <size>0x6</size>
         <input_file_ref idref="fl-2"/>
      </object_component>
      <object_component id="oc-33f">
         <name>.text</name>
         <load_address>0xae12</load_address>
         <run_address>0xae12</run_address>
         <size>0x2</size>
         <input_file_ref idref="fl-48"/>
      </object_component>
      <object_component id="oc-4f4">
         <name>.text</name>
         <load_address>0xae14</load_address>
         <run_address>0xae14</run_address>
         <size>0x1</size>
         <input_file_ref idref="fl-53"/>
      </object_component>
      <object_component id="oc-528">
         <name>.TI.ramfunc</name>
         <load_address>0x128</load_address>
         <run_address>0x128</run_address>
         <size>0x4</size>
         <input_file_ref idref="fl-2f"/>
      </object_component>
      <object_component id="oc-69e">
         <name>.cinit..data.load</name>
         <load_address>0x12c</load_address>
         <run_address>0x12c</run_address>
         <size>0x9</size>
      </object_component>
      <object_component id="oc-69b">
         <name>__TI_handler_table</name>
         <load_address>0x136</load_address>
         <run_address>0x136</run_address>
         <size>0x6</size>
      </object_component>
      <object_component id="oc-69d">
         <name>.cinit..bss.load</name>
         <load_address>0x13c</load_address>
         <run_address>0x13c</run_address>
         <size>0x4</size>
      </object_component>
      <object_component id="oc-69c">
         <name>__TI_cinit_table</name>
         <load_address>0x140</load_address>
         <run_address>0x140</run_address>
         <size>0x8</size>
      </object_component>
      <object_component id="oc-a0">
         <name>codestart</name>
         <load_address>0x0</load_address>
         <run_address>0x0</run_address>
         <size>0x2</size>
         <input_file_ref idref="fl-5"/>
      </object_component>
      <object_component id="oc-328">
         <name>.stack</name>
         <uninitialized>true</uninitialized>
         <run_address>0x400</run_address>
         <size>0x0</size>
         <input_file_ref idref="fl-46"/>
      </object_component>
      <object_component id="oc-69f">
         <name>.stack</name>
         <uninitialized>true</uninitialized>
         <run_address>0x400</run_address>
         <size>0x0</size>
      </object_component>
      <object_component id="oc-3aa">
         <name>.bss</name>
         <uninitialized>true</uninitialized>
         <run_address>0xb0fa</run_address>
         <size>0x4</size>
         <input_file_ref idref="fl-2"/>
      </object_component>
      <object_component id="oc-359">
         <name>.bss:ReceivedChar</name>
         <uninitialized>true</uninitialized>
         <run_address>0xb096</run_address>
         <size>0x64</size>
         <input_file_ref idref="fl-2"/>
      </object_component>
      <object_component id="oc-bb">
         <name>.const</name>
         <load_address>0xae40</load_address>
         <run_address>0xae40</run_address>
         <size>0x1c0</size>
         <input_file_ref idref="fl-f"/>
      </object_component>
      <object_component id="oc-3a0">
         <name>.const:.string</name>
         <load_address>0xb000</load_address>
         <run_address>0xb000</run_address>
         <size>0x96</size>
         <input_file_ref idref="fl-2"/>
      </object_component>
      <object_component id="oc-353">
         <name>.data</name>
         <load_address>0xae20</load_address>
         <run_address>0xae20</run_address>
         <size>0x2</size>
         <input_file_ref idref="fl-2"/>
      </object_component>
      <object_component id="oc-466">
         <name>.data</name>
         <load_address>0xae16</load_address>
         <run_address>0xae16</run_address>
         <size>0x6</size>
         <input_file_ref idref="fl-4d"/>
      </object_component>
      <object_component id="oc-469">
         <name>.data:_lock</name>
         <load_address>0xae1c</load_address>
         <run_address>0xae1c</run_address>
         <size>0x2</size>
         <input_file_ref idref="fl-4e"/>
      </object_component>
      <object_component id="oc-55f">
         <name>.data:_unlock</name>
         <load_address>0xae1e</load_address>
         <run_address>0xae1e</run_address>
         <size>0x2</size>
         <input_file_ref idref="fl-4e"/>
      </object_component>
      <object_component id="oc-3a7">
         <name>PieCtrlRegsFile</name>
         <uninitialized>true</uninitialized>
         <run_address>0xce0</run_address>
         <size>0x1a</size>
         <input_file_ref idref="fl-32"/>
      </object_component>
      <object_component id="oc-356">
         <name>SciaRegsFile</name>
         <uninitialized>true</uninitialized>
         <run_address>0x7200</run_address>
         <size>0x10</size>
         <input_file_ref idref="fl-32"/>
      </object_component>
      <object_component id="oc-36f">
         <name>.debug_types</name>
         <load_address>0x0</load_address>
         <run_address>0x0</run_address>
         <size>0x497f</size>
         <input_file_ref idref="fl-2"/>
      </object_component>
      <object_component id="oc-4a7">
         <name>.debug_types</name>
         <load_address>0x497f</load_address>
         <run_address>0x497f</run_address>
         <size>0xaec</size>
         <input_file_ref idref="fl-3"/>
      </object_component>
      <object_component id="oc-3b5">
         <name>.debug_types</name>
         <load_address>0x0</load_address>
         <run_address>0x0</run_address>
         <size>0x0</size>
         <input_file_ref idref="fl-a"/>
      </object_component>
      <object_component id="oc-4d1">
         <name>.debug_types</name>
         <load_address>0x0</load_address>
         <run_address>0x0</run_address>
         <size>0x0</size>
         <input_file_ref idref="fl-e"/>
      </object_component>
      <object_component id="oc-3b8">
         <name>.debug_types</name>
         <load_address>0x546b</load_address>
         <run_address>0x546b</run_address>
         <size>0x1d9a</size>
         <input_file_ref idref="fl-f"/>
      </object_component>
      <object_component id="oc-54c">
         <name>.debug_types</name>
         <load_address>0x7205</load_address>
         <run_address>0x7205</run_address>
         <size>0x2e8</size>
         <input_file_ref idref="fl-24"/>
      </object_component>
      <object_component id="oc-41d">
         <name>.debug_types</name>
         <load_address>0x0</load_address>
         <run_address>0x0</run_address>
         <size>0x0</size>
         <input_file_ref idref="fl-29"/>
      </object_component>
      <object_component id="oc-47d">
         <name>.debug_types</name>
         <load_address>0x74ed</load_address>
         <run_address>0x74ed</run_address>
         <size>0x425</size>
         <input_file_ref idref="fl-2d"/>
      </object_component>
      <object_component id="oc-53c">
         <name>.debug_types</name>
         <load_address>0x7912</load_address>
         <run_address>0x7912</run_address>
         <size>0x716</size>
         <input_file_ref idref="fl-2f"/>
      </object_component>
      <object_component id="oc-472">
         <name>.debug_types</name>
         <load_address>0x8028</load_address>
         <run_address>0x8028</run_address>
         <size>0x55a9c</size>
         <input_file_ref idref="fl-32"/>
      </object_component>
      <object_component id="oc-433">
         <name>.debug_types</name>
         <load_address>0x0</load_address>
         <run_address>0x0</run_address>
         <size>0x0</size>
         <input_file_ref idref="fl-48"/>
      </object_component>
      <object_component id="oc-4fb">
         <name>.debug_types</name>
         <load_address>0x5dac4</load_address>
         <run_address>0x5dac4</run_address>
         <size>0x49b</size>
         <input_file_ref idref="fl-49"/>
      </object_component>
      <object_component id="oc-42a">
         <name>.debug_types</name>
         <load_address>0x5df5f</load_address>
         <run_address>0x5df5f</run_address>
         <size>0x1c8</size>
         <input_file_ref idref="fl-4a"/>
      </object_component>
      <object_component id="oc-332">
         <name>.debug_types</name>
         <load_address>0x0</load_address>
         <run_address>0x0</run_address>
         <size>0x0</size>
         <input_file_ref idref="fl-4b"/>
      </object_component>
      <object_component id="oc-32a">
         <name>.debug_types</name>
         <load_address>0x5e127</load_address>
         <run_address>0x5e127</run_address>
         <size>0x191</size>
         <input_file_ref idref="fl-4c"/>
      </object_component>
      <object_component id="oc-46d">
         <name>.debug_types</name>
         <load_address>0x5e2b8</load_address>
         <run_address>0x5e2b8</run_address>
         <size>0xbf</size>
         <input_file_ref idref="fl-4d"/>
      </object_component>
      <object_component id="oc-516">
         <name>.debug_types</name>
         <load_address>0x5e377</load_address>
         <run_address>0x5e377</run_address>
         <size>0x2f</size>
         <input_file_ref idref="fl-4e"/>
      </object_component>
      <object_component id="oc-465">
         <name>.debug_types</name>
         <load_address>0x5e3a6</load_address>
         <run_address>0x5e3a6</run_address>
         <size>0xe1</size>
         <input_file_ref idref="fl-4f"/>
      </object_component>
      <object_component id="oc-425">
         <name>.debug_types</name>
         <load_address>0x5e487</load_address>
         <run_address>0x5e487</run_address>
         <size>0xb8</size>
         <input_file_ref idref="fl-52"/>
      </object_component>
      <object_component id="oc-559">
         <name>.debug_types</name>
         <load_address>0x0</load_address>
         <run_address>0x0</run_address>
         <size>0x0</size>
         <input_file_ref idref="fl-53"/>
      </object_component>
      <object_component id="oc-3ab">
         <name>.debug_info</name>
         <load_address>0x0</load_address>
         <run_address>0x0</run_address>
         <size>0x11e</size>
         <input_file_ref idref="fl-2"/>
      </object_component>
      <object_component id="oc-354">
         <name>.debug_info</name>
         <load_address>0x11e</load_address>
         <run_address>0x11e</run_address>
         <size>0x11c</size>
         <input_file_ref idref="fl-2"/>
      </object_component>
      <object_component id="oc-35a">
         <name>.debug_info</name>
         <load_address>0x23a</load_address>
         <run_address>0x23a</run_address>
         <size>0x10a</size>
         <input_file_ref idref="fl-2"/>
      </object_component>
      <object_component id="oc-389">
         <name>.debug_info</name>
         <load_address>0x344</load_address>
         <run_address>0x344</run_address>
         <size>0x203</size>
         <input_file_ref idref="fl-2"/>
      </object_component>
      <object_component id="oc-369">
         <name>.debug_info</name>
         <load_address>0x547</load_address>
         <run_address>0x547</run_address>
         <size>0x1bf</size>
         <input_file_ref idref="fl-2"/>
      </object_component>
      <object_component id="oc-35d">
         <name>.debug_info</name>
         <load_address>0x706</load_address>
         <run_address>0x706</run_address>
         <size>0x1b7</size>
         <input_file_ref idref="fl-2"/>
      </object_component>
      <object_component id="oc-9b">
         <name>.debug_info</name>
         <load_address>0x8bd</load_address>
         <run_address>0x8bd</run_address>
         <size>0x289</size>
         <input_file_ref idref="fl-2"/>
      </object_component>
      <object_component id="oc-37e">
         <name>.debug_info</name>
         <load_address>0xb46</load_address>
         <run_address>0xb46</run_address>
         <size>0x203</size>
         <input_file_ref idref="fl-2"/>
      </object_component>
      <object_component id="oc-96">
         <name>.debug_info</name>
         <load_address>0xd49</load_address>
         <run_address>0xd49</run_address>
         <size>0x17d</size>
         <input_file_ref idref="fl-2"/>
      </object_component>
      <object_component id="oc-39c">
         <name>.debug_info</name>
         <load_address>0xec6</load_address>
         <run_address>0xec6</run_address>
         <size>0x12f</size>
         <input_file_ref idref="fl-2"/>
      </object_component>
      <object_component id="oc-4d6">
         <name>.debug_info</name>
         <load_address>0xff5</load_address>
         <run_address>0xff5</run_address>
         <size>0x150</size>
         <input_file_ref idref="fl-2"/>
      </object_component>
      <object_component id="oc-3a2">
         <name>.debug_info</name>
         <load_address>0x1145</load_address>
         <run_address>0x1145</run_address>
         <size>0x16d</size>
         <input_file_ref idref="fl-2"/>
      </object_component>
      <object_component id="oc-395">
         <name>.debug_info</name>
         <load_address>0x12b2</load_address>
         <run_address>0x12b2</run_address>
         <size>0x129</size>
         <input_file_ref idref="fl-2"/>
      </object_component>
      <object_component id="oc-4a1">
         <name>.debug_info</name>
         <load_address>0x13db</load_address>
         <run_address>0x13db</run_address>
         <size>0x19c</size>
         <input_file_ref idref="fl-3"/>
      </object_component>
      <object_component id="oc-495">
         <name>.debug_info</name>
         <load_address>0x1577</load_address>
         <run_address>0x1577</run_address>
         <size>0x1a0</size>
         <input_file_ref idref="fl-3"/>
      </object_component>
      <object_component id="oc-540">
         <name>.debug_info</name>
         <load_address>0x1717</load_address>
         <run_address>0x1717</run_address>
         <size>0x200</size>
         <input_file_ref idref="fl-3"/>
      </object_component>
      <object_component id="oc-490">
         <name>.debug_info</name>
         <load_address>0x1917</load_address>
         <run_address>0x1917</run_address>
         <size>0x1d4</size>
         <input_file_ref idref="fl-3"/>
      </object_component>
      <object_component id="oc-484">
         <name>.debug_info</name>
         <load_address>0x1aeb</load_address>
         <run_address>0x1aeb</run_address>
         <size>0x1a7</size>
         <input_file_ref idref="fl-3"/>
      </object_component>
      <object_component id="oc-4aa">
         <name>.debug_info</name>
         <load_address>0x1c92</load_address>
         <run_address>0x1c92</run_address>
         <size>0x203</size>
         <input_file_ref idref="fl-3"/>
      </object_component>
      <object_component id="oc-371">
         <name>.debug_info</name>
         <load_address>0x1e95</load_address>
         <run_address>0x1e95</run_address>
         <size>0x1dc</size>
         <input_file_ref idref="fl-3"/>
      </object_component>
      <object_component id="oc-49b">
         <name>.debug_info</name>
         <load_address>0x2071</load_address>
         <run_address>0x2071</run_address>
         <size>0x623</size>
         <input_file_ref idref="fl-3"/>
      </object_component>
      <object_component id="oc-377">
         <name>.debug_info</name>
         <load_address>0x2694</load_address>
         <run_address>0x2694</run_address>
         <size>0x19a</size>
         <input_file_ref idref="fl-3"/>
      </object_component>
      <object_component id="oc-a2">
         <name>.debug_info</name>
         <load_address>0x282e</load_address>
         <run_address>0x282e</run_address>
         <size>0x13c</size>
         <input_file_ref idref="fl-5"/>
      </object_component>
      <object_component id="oc-3b0">
         <name>.debug_info</name>
         <load_address>0x296a</load_address>
         <run_address>0x296a</run_address>
         <size>0x13d</size>
         <input_file_ref idref="fl-5"/>
      </object_component>
      <object_component id="oc-b6">
         <name>.debug_info</name>
         <load_address>0x2aa7</load_address>
         <run_address>0x2aa7</run_address>
         <size>0x14d</size>
         <input_file_ref idref="fl-a"/>
      </object_component>
      <object_component id="oc-bf">
         <name>.debug_info</name>
         <load_address>0x2bf4</load_address>
         <run_address>0x2bf4</run_address>
         <size>0x14d</size>
         <input_file_ref idref="fl-a"/>
      </object_component>
      <object_component id="oc-c5">
         <name>.debug_info</name>
         <load_address>0x2d41</load_address>
         <run_address>0x2d41</run_address>
         <size>0x14f</size>
         <input_file_ref idref="fl-a"/>
      </object_component>
      <object_component id="oc-cb">
         <name>.debug_info</name>
         <load_address>0x2e90</load_address>
         <run_address>0x2e90</run_address>
         <size>0x149</size>
         <input_file_ref idref="fl-a"/>
      </object_component>
      <object_component id="oc-d1">
         <name>.debug_info</name>
         <load_address>0x2fd9</load_address>
         <run_address>0x2fd9</run_address>
         <size>0x147</size>
         <input_file_ref idref="fl-a"/>
      </object_component>
      <object_component id="oc-d7">
         <name>.debug_info</name>
         <load_address>0x3120</load_address>
         <run_address>0x3120</run_address>
         <size>0x147</size>
         <input_file_ref idref="fl-a"/>
      </object_component>
      <object_component id="oc-dd">
         <name>.debug_info</name>
         <load_address>0x3267</load_address>
         <run_address>0x3267</run_address>
         <size>0x14f</size>
         <input_file_ref idref="fl-a"/>
      </object_component>
      <object_component id="oc-e3">
         <name>.debug_info</name>
         <load_address>0x33b6</load_address>
         <run_address>0x33b6</run_address>
         <size>0x14b</size>
         <input_file_ref idref="fl-a"/>
      </object_component>
      <object_component id="oc-e9">
         <name>.debug_info</name>
         <load_address>0x3501</load_address>
         <run_address>0x3501</run_address>
         <size>0x14b</size>
         <input_file_ref idref="fl-a"/>
      </object_component>
      <object_component id="oc-ef">
         <name>.debug_info</name>
         <load_address>0x364c</load_address>
         <run_address>0x364c</run_address>
         <size>0x14b</size>
         <input_file_ref idref="fl-a"/>
      </object_component>
      <object_component id="oc-f5">
         <name>.debug_info</name>
         <load_address>0x3797</load_address>
         <run_address>0x3797</run_address>
         <size>0x14b</size>
         <input_file_ref idref="fl-a"/>
      </object_component>
      <object_component id="oc-fb">
         <name>.debug_info</name>
         <load_address>0x38e2</load_address>
         <run_address>0x38e2</run_address>
         <size>0x14b</size>
         <input_file_ref idref="fl-a"/>
      </object_component>
      <object_component id="oc-101">
         <name>.debug_info</name>
         <load_address>0x3a2d</load_address>
         <run_address>0x3a2d</run_address>
         <size>0x14c</size>
         <input_file_ref idref="fl-a"/>
      </object_component>
      <object_component id="oc-107">
         <name>.debug_info</name>
         <load_address>0x3b79</load_address>
         <run_address>0x3b79</run_address>
         <size>0x14d</size>
         <input_file_ref idref="fl-a"/>
      </object_component>
      <object_component id="oc-10d">
         <name>.debug_info</name>
         <load_address>0x3cc6</load_address>
         <run_address>0x3cc6</run_address>
         <size>0x14d</size>
         <input_file_ref idref="fl-a"/>
      </object_component>
      <object_component id="oc-113">
         <name>.debug_info</name>
         <load_address>0x3e13</load_address>
         <run_address>0x3e13</run_address>
         <size>0x14d</size>
         <input_file_ref idref="fl-a"/>
      </object_component>
      <object_component id="oc-119">
         <name>.debug_info</name>
         <load_address>0x3f60</load_address>
         <run_address>0x3f60</run_address>
         <size>0x14f</size>
         <input_file_ref idref="fl-a"/>
      </object_component>
      <object_component id="oc-11f">
         <name>.debug_info</name>
         <load_address>0x40af</load_address>
         <run_address>0x40af</run_address>
         <size>0x14f</size>
         <input_file_ref idref="fl-a"/>
      </object_component>
      <object_component id="oc-125">
         <name>.debug_info</name>
         <load_address>0x41fe</load_address>
         <run_address>0x41fe</run_address>
         <size>0x14f</size>
         <input_file_ref idref="fl-a"/>
      </object_component>
      <object_component id="oc-12b">
         <name>.debug_info</name>
         <load_address>0x434d</load_address>
         <run_address>0x434d</run_address>
         <size>0x14d</size>
         <input_file_ref idref="fl-a"/>
      </object_component>
      <object_component id="oc-131">
         <name>.debug_info</name>
         <load_address>0x449a</load_address>
         <run_address>0x449a</run_address>
         <size>0x14d</size>
         <input_file_ref idref="fl-a"/>
      </object_component>
      <object_component id="oc-137">
         <name>.debug_info</name>
         <load_address>0x45e7</load_address>
         <run_address>0x45e7</run_address>
         <size>0x14d</size>
         <input_file_ref idref="fl-a"/>
      </object_component>
      <object_component id="oc-13d">
         <name>.debug_info</name>
         <load_address>0x4734</load_address>
         <run_address>0x4734</run_address>
         <size>0x14d</size>
         <input_file_ref idref="fl-a"/>
      </object_component>
      <object_component id="oc-143">
         <name>.debug_info</name>
         <load_address>0x4881</load_address>
         <run_address>0x4881</run_address>
         <size>0x14f</size>
         <input_file_ref idref="fl-a"/>
      </object_component>
      <object_component id="oc-149">
         <name>.debug_info</name>
         <load_address>0x49d0</load_address>
         <run_address>0x49d0</run_address>
         <size>0x14b</size>
         <input_file_ref idref="fl-a"/>
      </object_component>
      <object_component id="oc-14f">
         <name>.debug_info</name>
         <load_address>0x4b1b</load_address>
         <run_address>0x4b1b</run_address>
         <size>0x153</size>
         <input_file_ref idref="fl-a"/>
      </object_component>
      <object_component id="oc-155">
         <name>.debug_info</name>
         <load_address>0x4c6e</load_address>
         <run_address>0x4c6e</run_address>
         <size>0x153</size>
         <input_file_ref idref="fl-a"/>
      </object_component>
      <object_component id="oc-15b">
         <name>.debug_info</name>
         <load_address>0x4dc1</load_address>
         <run_address>0x4dc1</run_address>
         <size>0x153</size>
         <input_file_ref idref="fl-a"/>
      </object_component>
      <object_component id="oc-161">
         <name>.debug_info</name>
         <load_address>0x4f14</load_address>
         <run_address>0x4f14</run_address>
         <size>0x153</size>
         <input_file_ref idref="fl-a"/>
      </object_component>
      <object_component id="oc-167">
         <name>.debug_info</name>
         <load_address>0x5067</load_address>
         <run_address>0x5067</run_address>
         <size>0x153</size>
         <input_file_ref idref="fl-a"/>
      </object_component>
      <object_component id="oc-16d">
         <name>.debug_info</name>
         <load_address>0x51ba</load_address>
         <run_address>0x51ba</run_address>
         <size>0x153</size>
         <input_file_ref idref="fl-a"/>
      </object_component>
      <object_component id="oc-173">
         <name>.debug_info</name>
         <load_address>0x530d</load_address>
         <run_address>0x530d</run_address>
         <size>0x153</size>
         <input_file_ref idref="fl-a"/>
      </object_component>
      <object_component id="oc-179">
         <name>.debug_info</name>
         <load_address>0x5460</load_address>
         <run_address>0x5460</run_address>
         <size>0x14d</size>
         <input_file_ref idref="fl-a"/>
      </object_component>
      <object_component id="oc-17f">
         <name>.debug_info</name>
         <load_address>0x55ad</load_address>
         <run_address>0x55ad</run_address>
         <size>0x14d</size>
         <input_file_ref idref="fl-a"/>
[...]
      </symbol>
      <symbol id="sm-4bb">
         <name>TIMER2_ISR</name>
         <value>0xad15</value>
         <object_component_ref idref="oc-be"/>
      </symbol>
      <symbol id="sm-4bc">
         <name>XINT5_ISR</name>
         <value>0xadc9</value>
         <object_component_ref idref="oc-25c"/>
      </symbol>
      <symbol id="sm-4bd">
         <name>WAKE_ISR</name>
         <value>0xad97</value>
         <object_component_ref idref="oc-148"/>
      </symbol>
      <symbol id="sm-4be">
         <name>DCC1_ISR</name>
         <value>0xaa8b</value>
         <object_component_ref idref="oc-2bc"/>
      </symbol>
      <symbol id="sm-4bf">
         <name>LINA_0_ISR</name>
         <value>0xac43</value>
         <object_component_ref idref="oc-29e"/>
      </symbol>
      <symbol id="sm-4c0">
         <name>PMBUSA_ISR</name>
         <value>0xac93</value>
         <object_component_ref idref="oc-2b6"/>
      </symbol>
      <symbol id="sm-4c1">
         <name>EPWM7_TZ_ISR</name>
         <value>0xab85</value>
         <object_component_ref idref="oc-172"/>
      </symbol>
      <symbol id="sm-4c2">
         <name>RTOS_ISR</name>
         <value>0xacb1</value>
         <object_component_ref idref="oc-ca"/>
      </symbol>
      <symbol id="sm-4c3">
         <name>EPWM4_ISR</name>
         <value>0xab3f</value>
         <object_component_ref idref="oc-18a"/>
      </symbol>
      <symbol id="sm-4c4">
         <name>ADCA3_ISR</name>
         <value>0xa9f5</value>
         <object_component_ref idref="oc-244"/>
      </symbol>
      <symbol id="sm-4c5">
         <name>EPWM2_TZ_ISR</name>
         <value>0xab21</value>
         <object_component_ref idref="oc-154"/>
      </symbol>
      <symbol id="sm-4c6">
         <name>ADCC3_ISR</name>
         <value>0xaa27</value>
         <object_component_ref idref="oc-2da"/>
      </symbol>
      <symbol id="sm-4c7">
         <name>DMA_CH5_ISR</name>
         <value>0xaabd</value>
         <object_component_ref idref="oc-1fc"/>
      </symbol>
      <symbol id="sm-4c8">
         <name>XINT4_ISR</name>
         <value>0xadbf</value>
         <object_component_ref idref="oc-256"/>
      </symbol>
      <symbol id="sm-4c9">
         <name>EQEP1_ISR</name>
         <value>0xab8f</value>
         <object_component_ref idref="oc-1b4"/>
      </symbol>
      <symbol id="sm-4ca">
         <name>NOTUSED_ISR</name>
         <value>0xac7f</value>
         <object_component_ref idref="oc-30a"/>
      </symbol>
      <symbol id="sm-4cb">
         <name>LINA_1_ISR</name>
         <value>0xac4d</value>
         <object_component_ref idref="oc-2a4"/>
      </symbol>
      <symbol id="sm-4cc">
         <name>SPIA_RX_ISR</name>
         <value>0xaccf</value>
         <object_component_ref idref="oc-1cc"/>
      </symbol>
      <symbol id="sm-4cd">
         <name>SPIA_TX_ISR</name>
         <value>0xacd9</value>
         <object_component_ref idref="oc-1d2"/>
      </symbol>
      <symbol id="sm-4ce">
         <name>EPWM5_ISR</name>
         <value>0xab53</value>
         <object_component_ref idref="oc-190"/>
      </symbol>
      <symbol id="sm-4cf">
         <name>DMA_CH6_ISR</name>
         <value>0xaac7</value>
         <object_component_ref idref="oc-202"/>
      </symbol>
      <symbol id="sm-4d0">
         <name>FPU_UNDERFLOW_ISR</name>
         <value>0xabc1</value>
         <object_component_ref idref="oc-274"/>
      </symbol>
      <symbol id="sm-4d1">
         <name>USER5_ISR</name>
         <value>0xad65</value>
         <object_component_ref idref="oc-fa"/>
      </symbol>
      <symbol id="sm-4d2">
         <name>EQEP2_ISR</name>
         <value>0xab99</value>
         <object_component_ref idref="oc-1ba"/>
      </symbol>
      <symbol id="sm-4d3">
         <name>CLB1_ISR</name>
         <value>0xaa63</value>
         <object_component_ref idref="oc-1c0"/>
      </symbol>
      <symbol id="sm-4d4">
         <name>EPWM4_TZ_ISR</name>
         <value>0xab49</value>
         <object_component_ref idref="oc-160"/>
      </symbol>
      <symbol id="sm-4d5">
         <name>FSITXA1_ISR</name>
         <value>0xabdf</value>
         <object_component_ref idref="oc-280"/>
      </symbol>
      <symbol id="sm-4d6">
         <name>EPWM3_TZ_ISR</name>
         <value>0xab35</value>
         <object_component_ref idref="oc-15a"/>
      </symbol>
      <symbol id="sm-4d7">
         <name>EPWM6_ISR</name>
         <value>0xab67</value>
         <object_component_ref idref="oc-196"/>
      </symbol>
      <symbol id="sm-4d8">
         <name>RAM_ACC_VIOL_ISR</name>
         <value>0xac9d</value>
         <object_component_ref idref="oc-2f2"/>
      </symbol>
      <symbol id="sm-4d9">
         <name>EMU_ISR</name>
         <value>0xaaf9</value>
         <object_component_ref idref="oc-d0"/>
      </symbol>
      <symbol id="sm-4da">
         <name>USER11_ISR</name>
         <value>0xad29</value>
         <object_component_ref idref="oc-11e"/>
      </symbol>
      <symbol id="sm-4db">
         <name>USER4_ISR</name>
         <value>0xad5b</value>
         <object_component_ref idref="oc-f4"/>
      </symbol>
      <symbol id="sm-4dc">
         <name>BGCRC_ISR</name>
         <value>0xaa45</value>
         <object_component_ref idref="oc-2c2"/>
      </symbol>
      <symbol id="sm-4dd">
         <name>SCIA_RX_ISR</name>
         <value>0xacbb</value>
         <object_component_ref idref="oc-220"/>
      </symbol>
      <symbol id="sm-4de">
         <name>SCIA_TX_ISR</name>
         <value>0xacc5</value>
         <object_component_ref idref="oc-226"/>
      </symbol>
      <symbol id="sm-4df">
         <name>CLB2_ISR</name>
         <value>0xaa6d</value>
         <object_component_ref idref="oc-1c6"/>
      </symbol>
      <symbol id="sm-4e0">
         <name>ECAP1_ISR</name>
         <value>0xaad1</value>
         <object_component_ref idref="oc-1a2"/>
      </symbol>
      <symbol id="sm-4e1">
         <name>ADCA4_ISR</name>
         <value>0xa9ff</value>
         <object_component_ref idref="oc-24a"/>
      </symbol>
      <symbol id="sm-4e2">
         <name>FPU_OVERFLOW_ISR</name>
         <value>0xabb7</value>
         <object_component_ref idref="oc-26e"/>
      </symbol>
      <symbol id="sm-4e3">
         <name>ADCC4_ISR</name>
         <value>0xaa31</value>
         <object_component_ref idref="oc-2e0"/>
      </symbol>
      <symbol id="sm-4e4">
         <name>FSITXA2_ISR</name>
         <value>0xabe9</value>
         <object_component_ref idref="oc-286"/>
      </symbol>
      <symbol id="sm-4e5">
         <name>EPWM7_ISR</name>
         <value>0xab7b</value>
         <object_component_ref idref="oc-19c"/>
      </symbol>
      <symbol id="sm-4e6">
         <name>USER10_ISR</name>
         <value>0xad1f</value>
         <object_component_ref idref="oc-118"/>
      </symbol>
      <symbol id="sm-4e7">
         <name>XINT1_ISR</name>
         <value>0xada1</value>
         <object_component_ref idref="oc-136"/>
      </symbol>
      <symbol id="sm-4e8">
         <name>USER7_ISR</name>
         <value>0xad79</value>
         <object_component_ref idref="oc-106"/>
      </symbol>
      <symbol id="sm-4e9">
         <name>USER9_ISR</name>
         <value>0xad8d</value>
         <object_component_ref idref="oc-112"/>
      </symbol>
      <symbol id="sm-4ea">
         <name>ECAP2_ISR</name>
         <value>0xaadb</value>
         <object_component_ref idref="oc-1a8"/>
      </symbol>
      <symbol id="sm-4eb">
         <name>EPWM5_TZ_ISR</name>
         <value>0xab5d</value>
         <object_component_ref idref="oc-166"/>
      </symbol>
      <symbol id="sm-4ec">
         <name>I2CB_FIFO_ISR</name>
         <value>0xac11</value>
         <object_component_ref idref="oc-21a"/>
      </symbol>
      <symbol id="sm-4ed">
         <name>DMA_CH1_ISR</name>
         <value>0xaa95</value>
         <object_component_ref idref="oc-1e4"/>
      </symbol>
      <symbol id="sm-4ee">
         <name>USER6_ISR</name>
         <value>0xad6f</value>
         <object_component_ref idref="oc-100"/>
      </symbol>
      <symbol id="sm-4ef">
         <name>USER8_ISR</name>
         <value>0xad83</value>
         <object_component_ref idref="oc-10c"/>
      </symbol>
      <symbol id="sm-4f0">
         <name>SPIB_RX_ISR</name>
         <value>0xace3</value>
         <object_component_ref idref="oc-1d8"/>
      </symbol>
      <symbol id="sm-4f1">
         <name>SPIB_TX_ISR</name>
         <value>0xaced</value>
         <object_component_ref idref="oc-1de"/>
      </symbol>
      <symbol id="sm-4f2">
         <name>ECAP3_ISR</name>
         <value>0xaaef</value>
         <object_component_ref idref="oc-1ae"/>
      </symbol>
      <symbol id="sm-4f3">
         <name>EPWM1_ISR</name>
         <value>0xab03</value>
         <object_component_ref idref="oc-178"/>
      </symbol>
      <symbol id="sm-4f4">
         <name>DMA_CH2_ISR</name>
         <value>0xaa9f</value>
         <object_component_ref idref="oc-1ea"/>
      </symbol>
      <symbol id="sm-4f5">
         <name>USER12_ISR</name>
         <value>0xad33</value>
         <object_component_ref idref="oc-124"/>
      </symbol>
      <symbol id="sm-4f6">
         <name>XINT3_ISR</name>
         <value>0xadb5</value>
         <object_component_ref idref="oc-250"/>
      </symbol>
      <symbol id="sm-4f7">
         <name>USER1_ISR</name>
         <value>0xad3d</value>
         <object_component_ref idref="oc-e2"/>
      </symbol>
      <symbol id="sm-4f8">
         <name>I2CA_ISR</name>
         <value>0xac07</value>
         <object_component_ref idref="oc-208"/>
      </symbol>
      <symbol id="sm-4f9">
         <name>HICA_ISR</name>
         <value>0xabf3</value>
         <object_component_ref idref="oc-2c8"/>
      </symbol>
      <symbol id="sm-4fa">
         <name>CANA0_ISR</name>
         <value>0xaa4f</value>
         <object_component_ref idref="oc-22c"/>
      </symbol>
      <symbol id="sm-4fb">
         <name>LINB_0_ISR</name>
         <value>0xac57</value>
         <object_component_ref idref="oc-2aa"/>
      </symbol>
      <symbol id="sm-4fc">
         <name>FSIRXA1_ISR</name>
         <value>0xabcb</value>
         <object_component_ref idref="oc-28c"/>
      </symbol>
      <symbol id="sm-4fd">
         <name>EPWM1_TZ_ISR</name>
         <value>0xab0d</value>
         <object_component_ref idref="oc-14e"/>
      </symbol>
      <symbol id="sm-4fe">
         <name>I2CA_FIFO_ISR</name>
         <value>0xabfd</value>
         <object_component_ref idref="oc-20e"/>
      </symbol>
      <symbol id="sm-4ff">
         <name>EPWM2_ISR</name>
         <value>0xab17</value>
         <object_component_ref idref="oc-17e"/>
      </symbol>
      <symbol id="sm-500">
         <name>DMA_CH3_ISR</name>
         <value>0xaaa9</value>
         <object_component_ref idref="oc-1f0"/>
      </symbol>
      <symbol id="sm-501">
         <name>FMC_ISR</name>
         <value>0xabad</value>
         <object_component_ref idref="oc-268"/>
      </symbol>
      <symbol id="sm-502">
         <name>ADCC_EVT_ISR</name>
         <value>0xaa3b</value>
         <object_component_ref idref="oc-2ce"/>
      </symbol>
      <symbol id="sm-503">
         <name>DATALOG_ISR</name>
         <value>0xaa77</value>
         <object_component_ref idref="oc-c4"/>
      </symbol>
      <symbol id="sm-504">
         <name>XINT2_ISR</name>
         <value>0xadab</value>
         <object_component_ref idref="oc-13c"/>
      </symbol>
      <symbol id="sm-505">
         <name>PIE_RESERVED_ISR</name>
         <value>0xac89</value>
         <object_component_ref idref="oc-2fe"/>
      </symbol>
      <symbol id="sm-506">
         <name>FLASH_CORR_ERR_ISR</name>
         <value>0xaba3</value>
         <object_component_ref idref="oc-2ec"/>
      </symbol>
      <symbol id="sm-507">
         <name>I2CB_ISR</name>
         <value>0xac1b</value>
         <object_component_ref idref="oc-214"/>
      </symbol>
      <symbol id="sm-508">
         <name>CANA1_ISR</name>
         <value>0xaa59</value>
         <object_component_ref idref="oc-232"/>
      </symbol>
      <symbol id="sm-509">
         <name>LINB_1_ISR</name>
         <value>0xac61</value>
         <object_component_ref idref="oc-2b0"/>
      </symbol>
      <symbol id="sm-50a">
         <name>FSIRXA2_ISR</name>
         <value>0xabd5</value>
         <object_component_ref idref="oc-292"/>
      </symbol>
      <symbol id="sm-50b">
         <name>ILLEGAL_ISR</name>
         <value>0xac25</value>
         <object_component_ref idref="oc-dc"/>
      </symbol>
      <symbol id="sm-50c">
         <name>EPWM3_ISR</name>
         <value>0xab2b</value>
         <object_component_ref idref="oc-184"/>
      </symbol>
      <symbol id="sm-50d">
         <name>TIMER0_ISR</name>
         <value>0xad01</value>
         <object_component_ref idref="oc-142"/>
      </symbol>
      <symbol id="sm-50e">
         <name>USER3_ISR</name>
         <value>0xad51</value>
         <object_component_ref idref="oc-ee"/>
      </symbol>
      <symbol id="sm-51e">
         <name>EnableInterrupts</name>
         <value>0xadd3</value>
         <object_component_ref idref="oc-38e"/>
      </symbol>
      <symbol id="sm-529">
         <name>PieVectTableInit</name>
         <value>0xae40</value>
         <object_component_ref idref="oc-bb"/>
      </symbol>
      <symbol id="sm-567">
         <name>GPIO_setQualificationMode</name>
         <value>0xa382</value>
         <object_component_ref idref="oc-4c1"/>
      </symbol>
      <symbol id="sm-568">
         <name>GPIO_setPadConfig</name>
         <value>0xa3ee</value>
         <object_component_ref idref="oc-4bb"/>
      </symbol>
      <symbol id="sm-569">
         <name>GPIO_setDirectionMode</name>
         <value>0xa537</value>
         <object_component_ref idref="oc-4b5"/>
      </symbol>
      <symbol id="sm-56a">
         <name>GPIO_setPinConfig</name>
         <value>0xa639</value>
         <object_component_ref idref="oc-4af"/>
      </symbol>
      <symbol id="sm-5a8">
         <name>Interrupt_defaultHandler</name>
         <value>0xa873</value>
         <object_component_ref idref="oc-310"/>
      </symbol>
      <symbol id="sm-5a9">
         <name>Interrupt_initModule</name>
         <value>0xa5c1</value>
         <object_component_ref idref="oc-382"/>
      </symbol>
      <symbol id="sm-5aa">
         <name>Interrupt_nmiHandler</name>
         <value>0xac39</value>
         <object_component_ref idref="oc-322"/>
      </symbol>
      <symbol id="sm-5ab">
         <name>Interrupt_initVectorTable</name>
         <value>0xa7d9</value>
         <object_component_ref idref="oc-316"/>
      </symbol>
      <symbol id="sm-5ac">
         <name>Interrupt_illegalOperationHandler</name>
         <value>0xac2f</value>
         <object_component_ref idref="oc-31c"/>
      </symbol>
      <symbol id="sm-5c8">
         <name>SCI_clearInterruptStatus</name>
         <value>0xa5fe</value>
         <object_component_ref idref="oc-362"/>
      </symbol>
      <symbol id="sm-6a4">
         <name>SysCtl_isPLLValid</name>
         <value>0xa0fc</value>
         <object_component_ref idref="oc-535"/>
      </symbol>
      <symbol id="sm-6a5">
         <name>SysCtl_delay</name>
         <value>0x128</value>
         <object_component_ref idref="oc-528"/>
      </symbol>
      <symbol id="sm-6a6">
         <name>SysCtl_selectXTALSingleEnded</name>
         <value>0xa7b4</value>
         <object_component_ref idref="oc-56d"/>
      </symbol>
      <symbol id="sm-6a7">
         <name>SysCtl_selectXTAL</name>
         <value>0xa4f1</value>
         <object_component_ref idref="oc-567"/>
      </symbol>
      <symbol id="sm-6a8">
         <name>SysCtl_selectOscSource</name>
         <value>0xa735</value>
         <object_component_ref idref="oc-529"/>
      </symbol>
      <symbol id="sm-6a9">
         <name>SysCtl_setClock</name>
         <value>0xa000</value>
         <object_component_ref idref="oc-488"/>
      </symbol>
      <symbol id="sm-6bb">
         <name>PieCtrlRegs</name>
         <value>0xce0</value>
         <object_component_ref idref="oc-3a7"/>
      </symbol>
      <symbol id="sm-6bc">
         <name>SciaRegs</name>
         <value>0x7200</value>
         <object_component_ref idref="oc-356"/>
      </symbol>
      <symbol id="sm-6c6">
         <name>_c_int00</name>
         <value>0xa85c</value>
         <object_component_ref idref="oc-8f"/>
      </symbol>
      <symbol id="sm-6c7">
         <name>__stack</name>
         <value>0x400</value>
         <object_component_ref idref="oc-328"/>
      </symbol>
      <symbol id="sm-6d4">
         <name>__c28xabi_divf</name>
         <value>0xa288</value>
         <object_component_ref idref="oc-575"/>
      </symbol>
      <symbol id="sm-6e1">
         <name>_system_pre_init</name>
         <value>0xae12</value>
         <object_component_ref idref="oc-33f"/>
      </symbol>
      <symbol id="sm-6f0">
         <name>__TI_auto_init_nobinit_nopinit</name>
         <value>0xa760</value>
         <object_component_ref idref="oc-434"/>
      </symbol>
      <symbol id="sm-6ff">
         <name>__TI_zero_init_nomemset</name>
         <value>0xa96f</value>
         <object_component_ref idref="oc-333"/>
      </symbol>
      <symbol id="sm-70c">
         <name>__TI_decompress_none</name>
         <value>0xadee</value>
         <object_component_ref idref="oc-88"/>
      </symbol>
      <symbol id="sm-720">
         <name>__TI_decompress_lzss</name>
         <value>0xa6d6</value>
         <object_component_ref idref="oc-82"/>
      </symbol>
      <symbol id="sm-736">
         <name>C$$EXIT</name>
         <value>0xa78b</value>
         <object_component_ref idref="oc-34c"/>
      </symbol>
      <symbol id="sm-737">
         <name>abort</name>
         <value>0xa78b</value>
         <object_component_ref idref="oc-34c"/>
      </symbol>
      <symbol id="sm-738">
         <name>exit</name>
         <value>0xa78d</value>
         <object_component_ref idref="oc-34c"/>
      </symbol>
      <symbol id="sm-739">
         <name>__TI_dtors_ptr</name>
         <value>0xae1a</value>
         <object_component_ref idref="oc-466"/>
      </symbol>
      <symbol id="sm-73a">
         <name>__TI_cleanup_ptr</name>
         <value>0xae18</value>
         <object_component_ref idref="oc-466"/>
      </symbol>
      <symbol id="sm-73b">
         <name>__TI_enable_exit_profile_output</name>
         <value>0xae16</value>
         <object_component_ref idref="oc-466"/>
      </symbol>
      <symbol id="sm-752">
         <name>_nop</name>
         <value>0xaded</value>
         <object_component_ref idref="oc-50e"/>
      </symbol>
      <symbol id="sm-753">
         <name>_lock</name>
         <value>0xae1c</value>
         <object_component_ref idref="oc-469"/>
      </symbol>
      <symbol id="sm-754">
         <name>_unlock</name>
         <value>0xae1e</value>
         <object_component_ref idref="oc-55f"/>
      </symbol>
      <symbol id="sm-755">
         <name>_register_lock</name>
         <value>0xade9</value>
         <object_component_ref idref="oc-50e"/>
      </symbol>
      <symbol id="sm-756">
         <name>_register_unlock</name>
         <value>0xade5</value>
         <object_component_ref idref="oc-50e"/>
      </symbol>
      <symbol id="sm-765">
         <name>_args_main</name>
         <value>0xa988</value>
         <object_component_ref idref="oc-346"/>
      </symbol>
      <symbol id="sm-779">
         <name>memcpy</name>
         <value>0xa7f7</value>
         <object_component_ref idref="oc-32b"/>
      </symbol>
      <symbol id="sm-786">
         <name>_system_post_cinit</name>
         <value>0xae14</value>
         <object_component_ref idref="oc-4f4"/>
      </symbol>
      <symbol id="sm-788">
         <name>__c_args__</name>
         <value>0x0</value>
      </symbol>
   </symbol_table>
   <title>Link successful</title>
</link_info>
